Copyright 1986-2020 Xilinx, Inc. All Rights Reserved.
------------------------------------------------------------------------------------------------------------------------------------------------
| Tool Version : Vivado v.2020.2 (win64) Build 3064766 Wed Nov 18 09:12:45 MST 2020
| Date         : Thu Oct 13 20:05:47 2022
| Host         : LAPTOP-AHMN13GK running 64-bit major release  (build 9200)
| Command      : report_drc -file eSnyne_core_wrapper_drc_opted.rpt -pb eSnyne_core_wrapper_drc_opted.pb -rpx eSnyne_core_wrapper_drc_opted.rpx
| Design       : eSnyne_core_wrapper
| Device       : xc7z010clg400-1
| Speed File   : -1
| Design State : Fully Placed
------------------------------------------------------------------------------------------------------------------------------------------------

Report DRC

Table of Contents
-----------------
1. REPORT SUMMARY
2. REPORT DETAILS

1. REPORT SUMMARY
-----------------
            Netlist: netlist
          Floorplan: design_1
      Design limits: <entire design considered>
           Ruledeck: default
             Max violations: <unlimited>
             Violations found: 0
+------+----------+-------------+------------+
| Rule | Severity | Description | Violations |
+------+----------+-------------+------------+
+------+----------+-------------+------------+

2. REPORT DETAILS
-----------------

